<html>
<body>
<pre>
<h1>µVision Build Log</h1>
<h2>Tool Versions:</h2>
IDE-Version: µVision V5.26.2.0
Copyright (C) 2018 ARM Ltd and ARM Germany GmbH. All rights reserved.
License Information: hector toral, unizar, LIC=----
 
Tool Versions:
Toolchain:       MDK-Lite  Version: 5.26.2.0
Toolchain Path:  C:\Keil_v5\ARM\ARMCC\Bin
C Compiler:      Armcc.exe V5.06 update 6 (build 750)
Assembler:       Armasm.exe V5.06 update 6 (build 750)
Linker/Locator:  ArmLink.exe V5.06 update 6 (build 750)
Library Manager: ArmAr.exe V5.06 update 6 (build 750)
Hex Converter:   FromElf.exe V5.06 update 6 (build 750)
CPU DLL:         SARM.DLL V5.26.2.0
Dialog DLL:      DARMP.DLL V1.53.0.0
Target DLL:      UL2ARM.DLL V1.74.10.0
Dialog DLL:      TARMP.DLL V1.53.0.0
 
<h2>Project:</h2>
C:\Users\Hector\Documents\798095\proy_hardware\proy-hardware\conecta4_2022.uvproj
Project File Date:  10/02/2022

<h2>Output:</h2>
*** Using Compiler 'V5.06 update 6 (build 750)', folder: 'C:\Keil_v5\ARM\ARMCC\Bin'
Rebuild target 'Target 1'
compiling main.c...
main.c(4): warning:  #1295-D: Deprecated declaration test_tableros - give arg types
  void test_tableros();
main.c: 1 warning, 0 errors
assembling Startup.s...
compiling entrada.c...
assembling conecta4_2022_arm.s...
compiling test_tableros.c...
test_tableros.c(46): warning:  #167-D: argument of type "const CELDA (*)[8]" is incompatible with parameter of type "CELDA (*)[8]"
    testAllPostions(cuadricula_2, FALSE, &fila_fail, &col_fail, &fail, 1);
test_tableros.c(48): warning:  #167-D: argument of type "const CELDA (*)[8]" is incompatible with parameter of type "CELDA (*)[8]"
      testSomePositions(cuadricula_3, cuadricula_3_filas_5_true, cuadricula_3_columnas_5_true, TRUE, &fila_fail, &col_fail, &fail, 2);
test_tableros.c(48): warning:  #167-D: argument of type "const uint8_t *" is incompatible with parameter of type "uint8_t *"
      testSomePositions(cuadricula_3, cuadricula_3_filas_5_true, cuadricula_3_columnas_5_true, TRUE, &fila_fail, &col_fail, &fail, 2);
test_tableros.c(48): warning:  #167-D: argument of type "const uint8_t *" is incompatible with parameter of type "uint8_t *"
      testSomePositions(cuadricula_3, cuadricula_3_filas_5_true, cuadricula_3_columnas_5_true, TRUE, &fila_fail, &col_fail, &fail, 2);
test_tableros.c(50): warning:  #167-D: argument of type "const CELDA (*)[8]" is incompatible with parameter of type "CELDA (*)[8]"
      testSomePositions(cuadricula_3, cuadricula_3_filas_6_true, cuadricula_3_columnas_6_true, TRUE, &fila_fail, &col_fail, &fail, 3);
test_tableros.c(50): warning:  #167-D: argument of type "const uint8_t *" is incompatible with parameter of type "uint8_t *"
      testSomePositions(cuadricula_3, cuadricula_3_filas_6_true, cuadricula_3_columnas_6_true, TRUE, &fila_fail, &col_fail, &fail, 3);
test_tableros.c(50): warning:  #167-D: argument of type "const uint8_t *" is incompatible with parameter of type "uint8_t *"
      testSomePositions(cuadricula_3, cuadricula_3_filas_6_true, cuadricula_3_columnas_6_true, TRUE, &fila_fail, &col_fail, &fail, 3);
test_tableros.c(52): warning:  #167-D: argument of type "const CELDA (*)[8]" is incompatible with parameter of type "CELDA (*)[8]"
      testSomePositions(cuadricula_3, cuadricula_3_filas_false, cuadricula_3_columnas_false, FALSE, &fila_fail, &col_fail, &fail, 4);
test_tableros.c(52): warning:  #167-D: argument of type "const uint8_t *" is incompatible with parameter of type "uint8_t *"
      testSomePositions(cuadricula_3, cuadricula_3_filas_false, cuadricula_3_columnas_false, FALSE, &fila_fail, &col_fail, &fail, 4);
test_tableros.c(52): warning:  #167-D: argument of type "const uint8_t *" is incompatible with parameter of type "uint8_t *"
      testSomePositions(cuadricula_3, cuadricula_3_filas_false, cuadricula_3_columnas_false, FALSE, &fila_fail, &col_fail, &fail, 4);
test_tableros.c(54): warning:  #167-D: argument of type "const CELDA (*)[8]" is incompatible with parameter of type "CELDA (*)[8]"
      testAllPostions(cuadricula_4, TRUE, &fila_fail, &col_fail, &fail, 5);
test_tableros.c(55): warning:  #1-D: last line of file ends without a newline
  }
tableros.h(7): warning:  #177-D: variable "cuadricula_1"  was declared but never referenced
  static CELDA cuadricula_1[7][8] =
test_tableros.c: 13 warnings, 0 errors
compiling conecta4_2022.c...
tableros.h(18): warning:  #177-D: variable "cuadricula_2"  was declared but never referenced
  const CELDA cuadricula_2[7][8] =
tableros.h(29): warning:  #177-D: variable "cuadricula_3"  was declared but never referenced
  const CELDA cuadricula_3[7][8] =
tableros.h(39): warning:  #177-D: variable "cuadricula_3_filas_5_true"  was declared but never referenced
  const uint8_t cuadricula_3_filas_5_true[] = {1, 1, 6, 6, 3, 3, 4, 4, 3, 4, 0};
tableros.h(40): warning:  #177-D: variable "cuadricula_3_columnas_5_true"  was declared but never referenced
  const uint8_t cuadricula_3_columnas_5_true[] = {1, 7, 1, 7, 3, 5, 3, 5, 4, 4, 0};
tableros.h(42): warning:  #177-D: variable "cuadricula_3_filas_6_true"  was declared but never referenced
  const uint8_t cuadricula_3_filas_6_true[] = {1, 1, 1, 1, 1, 2, 3, 4, 5, 2, 3, 4, 5, 6, 6, 6, 6, 6, 0};
tableros.h(43): warning:  #177-D: variable "cuadricula_3_columnas_6_true"  was declared but never referenced
  const uint8_t cuadricula_3_columnas_6_true[] = {2, 3, 4, 5, 6, 1, 1, 1, 1, 7, 7, 7, 7, 2, 3, 4, 5, 6, 0};
tableros.h(45): warning:  #177-D: variable "cuadricula_3_filas_false"  was declared but never referenced
  const uint8_t cuadricula_3_filas_false[] = {2, 2, 2, 3, 3, 4, 4, 5, 5, 5, 0};
tableros.h(46): warning:  #177-D: variable "cuadricula_3_columnas_false"  was declared but never referenced
  const uint8_t cuadricula_3_columnas_false[] = {3, 4, 5, 2, 6, 2, 6, 3, 4, 5, 0};
tableros.h(49): warning:  #177-D: variable "cuadricula_4"  was declared but never referenced
  const CELDA cuadricula_4[7][8] =
conecta4_2022.c: 9 warnings, 0 errors
linking...
Program Size: Code=3204 RO-data=200 RW-data=60 ZI-data=1260  
".\Objects\conecta4_2022.axf" - 0 Error(s), 23 Warning(s).
Build Time Elapsed:  00:00:01
</pre>
</body>
</html>
